C:\Users\ritvik raj\Downloads\paytabs-banking-assignment\backend\src\main\java\com\example\paytabs\controller\AdminController.java
C:\Users\ritvik raj\Downloads\paytabs-banking-assignment\backend\src\main\java\com\example\paytabs\controller\CustomerController.java
C:\Users\ritvik raj\Downloads\paytabs-banking-assignment\backend\src\main\java\com\example\paytabs\controller\System1Controller.java
C:\Users\ritvik raj\Downloads\paytabs-banking-assignment\backend\src\main\java\com\example\paytabs\controller\System2Controller.java
C:\Users\ritvik raj\Downloads\paytabs-banking-assignment\backend\src\main\java\com\example\paytabs\model\Card.java
C:\Users\ritvik raj\Downloads\paytabs-banking-assignment\backend\src\main\java\com\example\paytabs\model\Transaction.java
C:\Users\ritvik raj\Downloads\paytabs-banking-assignment\backend\src\main\java\com\example\paytabs\model\TransactionRequest.java
C:\Users\ritvik raj\Downloads\paytabs-banking-assignment\backend\src\main\java\com\example\paytabs\model\TransactionResponse.java
C:\Users\ritvik raj\Downloads\paytabs-banking-assignment\backend\src\main\java\com\example\paytabs\PaytabsApplication.java
C:\Users\ritvik raj\Downloads\paytabs-banking-assignment\backend\src\main\java\com\example\paytabs\SecurityConfig.java
C:\Users\ritvik raj\Downloads\paytabs-banking-assignment\backend\src\main\java\com\example\paytabs\service\CryptoService.java
C:\Users\ritvik raj\Downloads\paytabs-banking-assignment\backend\src\main\java\com\example\paytabs\service\DataStore.java
C:\Users\ritvik raj\Downloads\paytabs-banking-assignment\backend\src\main\java\com\example\paytabs\service\System2Service.java
